2021-06-15 17:33:55 [    INFO] Execution of code starts from here. (method.py:9)
2021-06-15 17:33:55 [    INFO] file_cache is only supported with oauth2client<4.0.0 (__init__.py:49)
2021-06-15 17:33:55 [    INFO] file_cache is only supported with oauth2client<4.0.0 (__init__.py:49)
2021-06-15 17:33:55 [    INFO] Execution of code starts from here. (test_api.py:46)
2021-06-15 17:33:55 [    INFO] Assigned all the course ids to a variable (test_api.py:48)
2021-06-15 17:33:55 [    INFO] file_cache is only supported with oauth2client<4.0.0 (__init__.py:49)
2021-06-15 17:33:55 [   DEBUG] URL being requested: GET https://classroom.googleapis.com/v1/courses?pageSize=100&alt=json (discovery.py:1159)
2021-06-15 17:33:56 [    INFO] List out all the course ids that are created (method.py:71)
2021-06-15 17:33:56 [    INFO] List out all the course ids that are created (method.py:71)
2021-06-15 17:33:56 [    INFO] List out all the course ids that are created (method.py:71)
2021-06-15 17:33:56 [    INFO] List out all the course ids that are created (method.py:71)
2021-06-15 17:33:56 [    INFO] List out all the course ids that are created (method.py:71)
2021-06-15 17:33:56 [    INFO] List out all the course ids that are created (method.py:71)
2021-06-15 17:33:56 [    INFO] List out all the course ids that are created (method.py:71)
2021-06-15 17:33:56 [    INFO] List out all the course ids that are created (method.py:71)
2021-06-15 17:33:56 [    INFO] List out all the course ids that are created (method.py:71)
2021-06-15 17:33:56 [    INFO] List out all the course ids that are created (method.py:71)
2021-06-15 17:33:56 [    INFO] List out all the course ids that are created (method.py:71)
2021-06-15 17:33:56 [    INFO] List out all the course ids that are created (method.py:71)
2021-06-15 17:33:56 [    INFO] List out all the course ids that are created (method.py:71)
2021-06-15 17:33:56 [    INFO] List out all the course ids that are created (method.py:71)
2021-06-15 17:33:56 [    INFO] List out all the course ids that are created (method.py:71)
2021-06-15 17:33:56 [    INFO] List out all the course ids that are created (method.py:71)
2021-06-15 17:33:56 [    INFO] List out all the course ids that are created (method.py:71)
2021-06-15 17:33:56 [    INFO] List out all the course ids that are created (method.py:71)
2021-06-15 17:33:56 [    INFO] List out all the course ids that are created (method.py:71)
2021-06-15 17:33:56 [    INFO] List out all the course ids that are created (method.py:71)
2021-06-15 17:33:56 [    INFO] List out all the course ids that are created (method.py:71)
2021-06-15 17:33:56 [    INFO] List out all the course ids that are created (method.py:71)
2021-06-15 17:33:56 [    INFO] List out all the course ids that are created (method.py:71)
2021-06-15 17:33:56 [    INFO] List out all the course ids that are created (method.py:71)
2021-06-15 17:33:56 [    INFO] List out all the course ids that are created (method.py:71)
2021-06-15 17:33:56 [    INFO] List out all the course ids that are created (method.py:71)
2021-06-15 17:33:56 [    INFO] List out all the course ids that are created (method.py:71)
2021-06-15 17:33:56 [    INFO] List out all the course ids that are created (method.py:71)
2021-06-15 17:33:56 [    INFO] List out all the course ids that are created (method.py:71)
2021-06-15 17:33:56 [    INFO] Execution of code stops here. (test_api.py:179)
2021-06-15 17:33:56 [    INFO] Method for creating a course. (test_api.py:55)
2021-06-15 17:33:56 [    INFO] Test case for create course is successfully passed. (test_api.py:57)
2021-06-15 17:33:56 [    INFO] Method for creating a course. (test_api.py:62)
2021-06-15 17:33:56 [    INFO] Negative Test case for create course is successfully passed. (test_api.py:64)
2021-06-15 17:33:56 [    INFO] Checking whether the id is present in the list or not (test_api.py:70)
2021-06-15 17:33:56 [    INFO] file_cache is only supported with oauth2client<4.0.0 (__init__.py:49)
2021-06-15 17:33:56 [   DEBUG] URL being requested: GET https://classroom.googleapis.com/v1/courses?pageSize=100&alt=json (discovery.py:1159)
2021-06-15 17:33:57 [    INFO] List out all the course ids that are created (method.py:71)
2021-06-15 17:33:57 [    INFO] List out all the course ids that are created (method.py:71)
2021-06-15 17:33:57 [    INFO] List out all the course ids that are created (method.py:71)
2021-06-15 17:33:57 [    INFO] List out all the course ids that are created (method.py:71)
2021-06-15 17:33:57 [    INFO] List out all the course ids that are created (method.py:71)
2021-06-15 17:33:57 [    INFO] List out all the course ids that are created (method.py:71)
2021-06-15 17:33:57 [    INFO] List out all the course ids that are created (method.py:71)
2021-06-15 17:33:57 [    INFO] List out all the course ids that are created (method.py:71)
2021-06-15 17:33:57 [    INFO] List out all the course ids that are created (method.py:71)
2021-06-15 17:33:57 [    INFO] List out all the course ids that are created (method.py:71)
2021-06-15 17:33:57 [    INFO] List out all the course ids that are created (method.py:71)
2021-06-15 17:33:57 [    INFO] List out all the course ids that are created (method.py:71)
2021-06-15 17:33:57 [    INFO] List out all the course ids that are created (method.py:71)
2021-06-15 17:33:57 [    INFO] List out all the course ids that are created (method.py:71)
2021-06-15 17:33:57 [    INFO] List out all the course ids that are created (method.py:71)
2021-06-15 17:33:57 [    INFO] List out all the course ids that are created (method.py:71)
2021-06-15 17:33:57 [    INFO] List out all the course ids that are created (method.py:71)
2021-06-15 17:33:57 [    INFO] List out all the course ids that are created (method.py:71)
2021-06-15 17:33:57 [    INFO] List out all the course ids that are created (method.py:71)
2021-06-15 17:33:57 [    INFO] List out all the course ids that are created (method.py:71)
2021-06-15 17:33:57 [    INFO] List out all the course ids that are created (method.py:71)
2021-06-15 17:33:57 [    INFO] List out all the course ids that are created (method.py:71)
2021-06-15 17:33:57 [    INFO] List out all the course ids that are created (method.py:71)
2021-06-15 17:33:57 [    INFO] List out all the course ids that are created (method.py:71)
2021-06-15 17:33:57 [    INFO] List out all the course ids that are created (method.py:71)
2021-06-15 17:33:57 [    INFO] List out all the course ids that are created (method.py:71)
2021-06-15 17:33:57 [    INFO] List out all the course ids that are created (method.py:71)
2021-06-15 17:33:57 [    INFO] List out all the course ids that are created (method.py:71)
2021-06-15 17:33:57 [    INFO] List out all the course ids that are created (method.py:71)
2021-06-15 17:33:57 [    INFO] Test case for for list out the id's is passed successfully (test_api.py:75)
2021-06-15 17:33:57 [    INFO] Negative test case for list method. (test_api.py:80)
2021-06-15 17:33:57 [    INFO] Negative Test case for list method for list out the id's is passed successfully (test_api.py:84)
2021-06-15 17:33:57 [    INFO] Check the condition whether the id is not equals to 16 (test_api.py:91)
2021-06-15 17:33:57 [    INFO] file_cache is only supported with oauth2client<4.0.0 (__init__.py:49)
2021-06-15 17:33:57 [   DEBUG] URL being requested: GET https://classroom.googleapis.com/v1/courses/360806358944?alt=json (discovery.py:1159)
2021-06-15 17:33:58 [    INFO] Test case for get method is passed successfully (test_api.py:95)
2021-06-15 17:33:58 [    INFO] Execution started to the negative test case for get_course (test_api.py:101)
2021-06-15 17:33:58 [    INFO] name 'couse_id' is not defined (test_api.py:104)
2021-06-15 17:33:58 [    INFO] Negative Test case for get method is passed successfully (test_api.py:106)
2021-06-15 17:33:58 [    INFO] Performing the test case for updating the data for specific id. (test_api.py:113)
2021-06-15 17:33:58 [    INFO] file_cache is only supported with oauth2client<4.0.0 (__init__.py:49)
2021-06-15 17:33:58 [   DEBUG] URL being requested: GET https://classroom.googleapis.com/v1/courses/360774996878?alt=json (discovery.py:1159)
2021-06-15 17:33:59 [   DEBUG] URL being requested: PUT https://classroom.googleapis.com/v1/courses/360774996878?alt=json (discovery.py:1159)
2021-06-15 17:34:01 [    INFO] file_cache is only supported with oauth2client<4.0.0 (__init__.py:49)
2021-06-15 17:34:01 [   DEBUG] URL being requested: GET https://classroom.googleapis.com/v1/courses/360774996878?alt=json (discovery.py:1159)
2021-06-15 17:34:02 [    INFO] file_cache is only supported with oauth2client<4.0.0 (__init__.py:49)
2021-06-15 17:34:02 [   DEBUG] URL being requested: GET https://classroom.googleapis.com/v1/courses/360774996878?alt=json (discovery.py:1159)
2021-06-15 17:34:02 [   DEBUG] URL being requested: PUT https://classroom.googleapis.com/v1/courses/360774996878?alt=json (discovery.py:1159)
2021-06-15 17:34:04 [    INFO] Execution entered into test_delete_course function (test_api.py:136)
2021-06-15 17:34:04 [    INFO] file_cache is only supported with oauth2client<4.0.0 (__init__.py:49)
2021-06-15 17:34:04 [    INFO] file_cache is only supported with oauth2client<4.0.0 (__init__.py:49)
2021-06-15 17:34:04 [   DEBUG] URL being requested: GET https://classroom.googleapis.com/v1/courses?pageSize=100&alt=json (discovery.py:1159)
2021-06-15 17:34:05 [    INFO] List out all the course ids that are created (method.py:71)
2021-06-15 17:34:05 [    INFO] List out all the course ids that are created (method.py:71)
2021-06-15 17:34:05 [    INFO] List out all the course ids that are created (method.py:71)
2021-06-15 17:34:05 [    INFO] List out all the course ids that are created (method.py:71)
2021-06-15 17:34:05 [    INFO] List out all the course ids that are created (method.py:71)
2021-06-15 17:34:05 [    INFO] List out all the course ids that are created (method.py:71)
2021-06-15 17:34:05 [    INFO] List out all the course ids that are created (method.py:71)
2021-06-15 17:34:05 [    INFO] List out all the course ids that are created (method.py:71)
2021-06-15 17:34:05 [    INFO] List out all the course ids that are created (method.py:71)
2021-06-15 17:34:05 [    INFO] List out all the course ids that are created (method.py:71)
2021-06-15 17:34:05 [    INFO] List out all the course ids that are created (method.py:71)
2021-06-15 17:34:05 [    INFO] List out all the course ids that are created (method.py:71)
2021-06-15 17:34:05 [    INFO] List out all the course ids that are created (method.py:71)
2021-06-15 17:34:05 [    INFO] List out all the course ids that are created (method.py:71)
2021-06-15 17:34:05 [    INFO] List out all the course ids that are created (method.py:71)
2021-06-15 17:34:05 [    INFO] List out all the course ids that are created (method.py:71)
2021-06-15 17:34:05 [    INFO] List out all the course ids that are created (method.py:71)
2021-06-15 17:34:05 [    INFO] List out all the course ids that are created (method.py:71)
2021-06-15 17:34:05 [    INFO] List out all the course ids that are created (method.py:71)
2021-06-15 17:34:05 [    INFO] List out all the course ids that are created (method.py:71)
2021-06-15 17:34:05 [    INFO] List out all the course ids that are created (method.py:71)
2021-06-15 17:34:05 [    INFO] List out all the course ids that are created (method.py:71)
2021-06-15 17:34:05 [    INFO] List out all the course ids that are created (method.py:71)
2021-06-15 17:34:05 [    INFO] List out all the course ids that are created (method.py:71)
2021-06-15 17:34:05 [    INFO] List out all the course ids that are created (method.py:71)
2021-06-15 17:34:05 [    INFO] List out all the course ids that are created (method.py:71)
2021-06-15 17:34:05 [    INFO] List out all the course ids that are created (method.py:71)
2021-06-15 17:34:05 [    INFO] List out all the course ids that are created (method.py:71)
2021-06-15 17:34:05 [    INFO] List out all the course ids that are created (method.py:71)
2021-06-15 17:34:05 [    INFO] Execution successfully completed for function test_delete_course (test_api.py:140)
2021-06-15 17:34:05 [    INFO] Execution entered into test_delete_course function (test_api.py:146)
2021-06-15 17:34:05 [    INFO] file_cache is only supported with oauth2client<4.0.0 (__init__.py:49)
2021-06-15 17:34:05 [    INFO] file_cache is only supported with oauth2client<4.0.0 (__init__.py:49)
2021-06-15 17:34:05 [   DEBUG] URL being requested: GET https://classroom.googleapis.com/v1/courses?pageSize=100&alt=json (discovery.py:1159)
2021-06-15 17:34:05 [    INFO] List out all the course ids that are created (method.py:71)
2021-06-15 17:34:05 [    INFO] List out all the course ids that are created (method.py:71)
2021-06-15 17:34:05 [    INFO] List out all the course ids that are created (method.py:71)
2021-06-15 17:34:05 [    INFO] List out all the course ids that are created (method.py:71)
2021-06-15 17:34:05 [    INFO] List out all the course ids that are created (method.py:71)
2021-06-15 17:34:05 [    INFO] List out all the course ids that are created (method.py:71)
2021-06-15 17:34:05 [    INFO] List out all the course ids that are created (method.py:71)
2021-06-15 17:34:05 [    INFO] List out all the course ids that are created (method.py:71)
2021-06-15 17:34:05 [    INFO] List out all the course ids that are created (method.py:71)
2021-06-15 17:34:05 [    INFO] List out all the course ids that are created (method.py:71)
2021-06-15 17:34:05 [    INFO] List out all the course ids that are created (method.py:71)
2021-06-15 17:34:05 [    INFO] List out all the course ids that are created (method.py:71)
2021-06-15 17:34:05 [    INFO] List out all the course ids that are created (method.py:71)
2021-06-15 17:34:05 [    INFO] List out all the course ids that are created (method.py:71)
2021-06-15 17:34:05 [    INFO] List out all the course ids that are created (method.py:71)
2021-06-15 17:34:05 [    INFO] List out all the course ids that are created (method.py:71)
2021-06-15 17:34:05 [    INFO] List out all the course ids that are created (method.py:71)
2021-06-15 17:34:05 [    INFO] List out all the course ids that are created (method.py:71)
2021-06-15 17:34:05 [    INFO] List out all the course ids that are created (method.py:71)
2021-06-15 17:34:05 [    INFO] List out all the course ids that are created (method.py:71)
2021-06-15 17:34:05 [    INFO] List out all the course ids that are created (method.py:71)
2021-06-15 17:34:05 [    INFO] List out all the course ids that are created (method.py:71)
2021-06-15 17:34:05 [    INFO] List out all the course ids that are created (method.py:71)
2021-06-15 17:34:05 [    INFO] List out all the course ids that are created (method.py:71)
2021-06-15 17:34:05 [    INFO] List out all the course ids that are created (method.py:71)
2021-06-15 17:34:05 [    INFO] List out all the course ids that are created (method.py:71)
2021-06-15 17:34:05 [    INFO] List out all the course ids that are created (method.py:71)
2021-06-15 17:34:05 [    INFO] List out all the course ids that are created (method.py:71)
2021-06-15 17:34:05 [    INFO] List out all the course ids that are created (method.py:71)
2021-06-15 17:34:05 [   DEBUG] URL being requested: GET https://classroom.googleapis.com/v1/courses/360774966468?alt=json (discovery.py:1159)
2021-06-15 17:34:06 [   DEBUG] URL being requested: DELETE https://classroom.googleapis.com/v1/courses/360774966468?alt=json (discovery.py:1159)
2021-06-15 17:34:07 [    INFO] Execution started for negative test case to delete the particular id (test_api.py:148)
2021-06-15 17:34:07 [    INFO] file_cache is only supported with oauth2client<4.0.0 (__init__.py:49)
2021-06-15 17:34:07 [   DEBUG] URL being requested: GET https://classroom.googleapis.com/v1/courses?pageSize=100&alt=json (discovery.py:1159)
2021-06-15 17:34:08 [    INFO] List out all the course ids that are created (method.py:71)
2021-06-15 17:34:08 [    INFO] List out all the course ids that are created (method.py:71)
2021-06-15 17:34:08 [    INFO] List out all the course ids that are created (method.py:71)
2021-06-15 17:34:08 [    INFO] List out all the course ids that are created (method.py:71)
2021-06-15 17:34:08 [    INFO] List out all the course ids that are created (method.py:71)
2021-06-15 17:34:08 [    INFO] List out all the course ids that are created (method.py:71)
2021-06-15 17:34:08 [    INFO] List out all the course ids that are created (method.py:71)
2021-06-15 17:34:08 [    INFO] List out all the course ids that are created (method.py:71)
2021-06-15 17:34:08 [    INFO] List out all the course ids that are created (method.py:71)
2021-06-15 17:34:08 [    INFO] List out all the course ids that are created (method.py:71)
2021-06-15 17:34:08 [    INFO] List out all the course ids that are created (method.py:71)
2021-06-15 17:34:08 [    INFO] List out all the course ids that are created (method.py:71)
2021-06-15 17:34:08 [    INFO] List out all the course ids that are created (method.py:71)
2021-06-15 17:34:08 [    INFO] List out all the course ids that are created (method.py:71)
2021-06-15 17:34:08 [    INFO] List out all the course ids that are created (method.py:71)
2021-06-15 17:34:08 [    INFO] List out all the course ids that are created (method.py:71)
2021-06-15 17:34:08 [    INFO] List out all the course ids that are created (method.py:71)
2021-06-15 17:34:08 [    INFO] List out all the course ids that are created (method.py:71)
2021-06-15 17:34:08 [    INFO] List out all the course ids that are created (method.py:71)
2021-06-15 17:34:08 [    INFO] List out all the course ids that are created (method.py:71)
2021-06-15 17:34:08 [    INFO] List out all the course ids that are created (method.py:71)
2021-06-15 17:34:08 [    INFO] List out all the course ids that are created (method.py:71)
2021-06-15 17:34:08 [    INFO] List out all the course ids that are created (method.py:71)
2021-06-15 17:34:08 [    INFO] List out all the course ids that are created (method.py:71)
2021-06-15 17:34:08 [    INFO] List out all the course ids that are created (method.py:71)
2021-06-15 17:34:08 [    INFO] List out all the course ids that are created (method.py:71)
2021-06-15 17:34:08 [    INFO] List out all the course ids that are created (method.py:71)
2021-06-15 17:34:08 [    INFO] List out all the course ids that are created (method.py:71)
2021-06-15 17:34:08 [    INFO] List out all the course ids that are created (method.py:71)
2021-06-15 17:34:08 [    INFO] Course is Not Deleted (test_api.py:151)
2021-06-15 17:34:08 [    INFO] Performing the test case for patch method based on ids and update. (test_api.py:159)
2021-06-15 17:34:08 [    INFO] file_cache is only supported with oauth2client<4.0.0 (__init__.py:49)
2021-06-15 17:34:08 [   DEBUG] URL being requested: PATCH https://classroom.googleapis.com/v1/courses/360778092401?updateMask=section%2Croom&alt=json (discovery.py:1159)
2021-06-15 17:34:10 [    INFO] Successfully done the patch method for that course id. (method.py:114)
2021-06-15 17:34:10 [    INFO] file_cache is only supported with oauth2client<4.0.0 (__init__.py:49)
2021-06-15 17:34:10 [   DEBUG] URL being requested: PATCH https://classroom.googleapis.com/v1/courses/360775094373?updateMask=section%2Croom&alt=json (discovery.py:1159)
2021-06-15 17:34:11 [    INFO] Successfully done the patch method for that course id. (method.py:114)
2021-06-15 17:34:11 [    INFO] test case for updation of the course id's is successfully passed. (test_api.py:165)
2021-06-15 17:34:11 [    INFO] Performing the negative test case for patch method based on ids and update. (test_api.py:171)
2021-06-15 17:34:11 [    INFO] name 'couse_id' is not defined (test_api.py:174)
2021-06-15 17:34:11 [    INFO] Negative test case for updation of the course id's is successfully passed. (test_api.py:176)
